// Jest Snapshot v1, https://goo.gl/fbAQLP

exports[` snapchot: renders book title and author 1`] = `
<DocumentFragment>
  <div
    class="bookcard--grid bookcard--natural"
  >
    <img
      alt="bookImage"
      class="boocard__Image-zoomOut boocard__Image"
    />
    <div
      class="bookcard__body"
    >
      <h3
        class="booktitle"
        title="Book Title"
      >
        The Great Gatsby
      </h3>
      <h3
        class="bookauthor"
      >
        by: F. Scott Fitzgerald
      </h3>
    </div>
    <footer
      class="bookcard__footer--flex"
    >
      <div
        class="bookcard__footer-average-rate--flex"
      >
        <div
          class="bookcard__footer-average-rate--flex"
        >
          <a
            class="bookcard__footer-average-rate"
          >
            3/5
          </a>
          <div
            class="rate_star"
          >
             â˜…
          </div>
        </div>
      </div>
      <button
        class="button bookFooter__RateButton"
      >
        Rate this book
      </button>
    </footer>
  </div>
</DocumentFragment>
`;
