// Jest Snapshot v1, https://goo.gl/fbAQLP

exports[`OpinionCreate snapShot: render Opinioncreate 1`] = `
<DocumentFragment>
  <div
    class="opinionCreate--natural opinionCreateCard--natural--grid opinionCreateCard--grid"
  >
    <header
      class="opinionCreate--natural opinionCreate__header"
    >
      <h2
        class="opinionCreate--natural opinionCreate__booktitle"
      />
      <h3
        class="opinionCreate--natural opinionCreate__bookauthor"
      >
        by: 
      </h3>
    </header>
    <main
      class="opinionCreate--natural opinionCreate__main--grid"
    >
      <div
        class="opinionCreate--natural opinionCreate__rate"
      >
        <div
          class="rateClick_container--flex"
        >
          <div
            class="rate_star--natural rateClick_star empty"
          >
            ★
          </div>
          <div
            class="rate_star--natural rateClick_star empty"
          >
            ★
          </div>
          <div
            class="rate_star--natural rateClick_star empty"
          >
            ★
          </div>
          <div
            class="rate_star--natural rateClick_star empty"
          >
            ★
          </div>
          <div
            class="rate_star--natural rateClick_star empty"
          >
            ★
          </div>
        </div>
        <div
          class="opinionCreate--natural opinionCreate__rateText"
        />
      </div>
      <div
        class="opinionCreate--natural opinionCreate__inputs--grid"
      >
        <textarea
          class="opinionCreate__view"
          name="view"
          placeholder="View"
          title="View"
        />
        <input
          class="opinionCreate__input"
          name="userName"
          placeholder="UserName"
          value=""
        />
        <div
          class="opinionCreate--natural"
        />
      </div>
    </main>
    <footer
      class="opinionCreate--natural opinionCreate__footer--flex"
    >
      <button
        class="button opinionCreate__cancelButon"
      >
        Cancel
      </button>
      <button
        class="button opinionCreate__postButton"
      >
        Post
      </button>
    </footer>
  </div>
</DocumentFragment>
`;
